make: Makefile.failingtests: No such file or directory
make: *** No rule to make target `Makefile.failingtests'.  Stop.
