static function
function two
function one
function two
