In main function
C function got message: Calling C function
