g++ -o build/bin/executable intermediate/executable/test_executable.o  -Lbuild/lib -Wl,-rpath-link,build/lib       -ltest   
g++ -o build/bin/executable2 intermediate/executable/executable2/test_executable.o  -Lbuild/lib -Wl,-rpath-link,build/lib       -ltest2   
