This is not a hello world
This is also not a hello world
